Reading netlist file: "C:\Users\arvay\Documents\Proyectos Gowin\DSD\RegistrosCorrimiento\impl\gwsynthesis\RegistrosCorrimiento.vg"
Parsing netlist file "C:\Users\arvay\Documents\Proyectos Gowin\DSD\RegistrosCorrimiento\impl\gwsynthesis\RegistrosCorrimiento.vg" completed
Processing netlist completed
Reading constraint file: "C:\Users\arvay\Documents\Proyectos Gowin\DSD\RegistrosCorrimiento\src\RegistrosCorrimiento.cst"
Physical Constraint parsed completed
Running placement......
[10%] Placement Phase 0 completed
[20%] Placement Phase 1 completed
[30%] Placement Phase 2 completed
WARN  (TA1132) :  'clk_fpga' was determined to be a clock but was not created.
WARN  (TA1132) :  'clk_5hz' was determined to be a clock but was not created.
[50%] Placement Phase 3 completed
Running routing......
[60%] Routing Phase 0 completed
[70%] Routing Phase 1 completed
[80%] Routing Phase 2 completed
[90%] Routing Phase 3 completed
Running timing analysis......
[95%] Timing analysis completed
Placement and routing completed
Bitstream generation in progress......
Bitstream generation completed
Running power analysis......
[100%] Power analysis completed
Generate file "C:\Users\arvay\Documents\Proyectos Gowin\DSD\RegistrosCorrimiento\impl\pnr\RegistrosCorrimiento.power.html" completed
Generate file "C:\Users\arvay\Documents\Proyectos Gowin\DSD\RegistrosCorrimiento\impl\pnr\RegistrosCorrimiento.pin.html" completed
Generate file "C:\Users\arvay\Documents\Proyectos Gowin\DSD\RegistrosCorrimiento\impl\pnr\RegistrosCorrimiento.rpt.html" completed
Generate file "C:\Users\arvay\Documents\Proyectos Gowin\DSD\RegistrosCorrimiento\impl\pnr\RegistrosCorrimiento.rpt.txt" completed
Generate file "C:\Users\arvay\Documents\Proyectos Gowin\DSD\RegistrosCorrimiento\impl\pnr\RegistrosCorrimiento.tr.html" completed
Wed Mar  4 07:54:41 2026

