GowinSynthesis start
Running parser ...
Analyzing VHDL file 'C:\Users\arvay\Documents\Proyectos Gowin\DSD\RegistrosCorrimiento\src\DivisorFrecuencia.vhd'
Analyzing entity 'divisorfrecuencia'("C:\Users\arvay\Documents\Proyectos Gowin\DSD\RegistrosCorrimiento\src\DivisorFrecuencia.vhd":4)
Analyzing architecture 'comportamiento'("C:\Users\arvay\Documents\Proyectos Gowin\DSD\RegistrosCorrimiento\src\DivisorFrecuencia.vhd":12)
Analyzing VHDL file 'C:\Users\arvay\Documents\Proyectos Gowin\DSD\RegistrosCorrimiento\src\RegistrosCorrimiento.vhd'
Analyzing entity 'registroscorrimiento'("C:\Users\arvay\Documents\Proyectos Gowin\DSD\RegistrosCorrimiento\src\RegistrosCorrimiento.vhd":4)
Analyzing architecture 'comportamiento'("C:\Users\arvay\Documents\Proyectos Gowin\DSD\RegistrosCorrimiento\src\RegistrosCorrimiento.vhd":15)
Processing 'RegistrosCorrimiento(comportamiento)'("C:\Users\arvay\Documents\Proyectos Gowin\DSD\RegistrosCorrimiento\src\RegistrosCorrimiento.vhd":4)
Processing 'DivisorFrecuencia(comportamiento)'("C:\Users\arvay\Documents\Proyectos Gowin\DSD\RegistrosCorrimiento\src\DivisorFrecuencia.vhd":4)
NOTE  (EX0101) : Current top module is "RegistrosCorrimiento"
[5%] Running netlist conversion ...
Running device independent optimization ...
[10%] Optimizing Phase 0 completed
[15%] Optimizing Phase 1 completed
[25%] Optimizing Phase 2 completed
Running inference ...
[30%] Inferring Phase 0 completed
[40%] Inferring Phase 1 completed
[50%] Inferring Phase 2 completed
[55%] Inferring Phase 3 completed
Running technical mapping ...
[60%] Tech-Mapping Phase 0 completed
[65%] Tech-Mapping Phase 1 completed
[75%] Tech-Mapping Phase 2 completed
[80%] Tech-Mapping Phase 3 completed
[90%] Tech-Mapping Phase 4 completed
[95%] Generate netlist file "C:\Users\arvay\Documents\Proyectos Gowin\DSD\RegistrosCorrimiento\impl\gwsynthesis\RegistrosCorrimiento.vg" completed
[100%] Generate report file "C:\Users\arvay\Documents\Proyectos Gowin\DSD\RegistrosCorrimiento\impl\gwsynthesis\RegistrosCorrimiento_syn.rpt.html" completed
GowinSynthesis finish
